hadoop spark hadoop  17
spark pig hive hbase 16
pig spark hadoop hadoop 20